
 RUN  v3.2.4 C:/Users/42195/.gemini/antigravity/scratch/git-connect-hub

stderr | src/__tests__/portal/ClientPortal.test.tsx > ClientPortal > renders user info
Error: Uncaught [Error: [vitest] No "Plus" export is defined on the "lucide-react" mock. Did you forget to return it from "vi.mock"?
If you need to partially mock a module, you can use "importOriginal" helper inside:
]
    at reportException (C:\Users\42195\.gemini\antigravity\scratch\git-connect-hub\node_modules\jsdom\lib\jsdom\living\helpers\runtime-script-errors.js:66:24)
    at innerInvokeEventListeners (C:\Users\42195\.gemini\antigravity\scratch\git-connect-hub\node_modules\jsdom\lib\jsdom\living\events\EventTarget-impl.js:353:9)
    at invokeEventListeners (C:\Users\42195\.gemini\antigravity\scratch\git-connect-hub\node_modules\jsdom\lib\jsdom\living\events\EventTarget-impl.js:286:3)
    at HTMLUnknownElementImpl._dispatch (C:\Users\42195\.gemini\antigravity\scratch\git-connect-hub\node_modules\jsdom\lib\jsdom\living\events\EventTarget-impl.js:233:9)
    at HTMLUnknownElementImpl.dispatchEvent (C:\Users\42195\.gemini\antigravity\scratch\git-connect-hub\node_modules\jsdom\lib\jsdom\living\events\EventTarget-impl.js:104:17)
    at HTMLUnknownElement.dispatchEvent (C:\Users\42195\.gemini\antigravity\scratch\git-connect-hub\node_modules\jsdom\lib\jsdom\living\generated\EventTarget.js:241:34)
    at Object.invokeGuardedCallbackDev (C:\Users\42195\.gemini\antigravity\scratch\git-connect-hub\node_modules\react-dom\cjs\react-dom.development.js:4213:16)
    at invokeGuardedCallback (C:\Users\42195\.gemini\antigravity\scratch\git-connect-hub\node_modules\react-dom\cjs\react-dom.development.js:4277:31)
    at beginWork$1 (C:\Users\42195\.gemini\antigravity\scratch\git-connect-hub\node_modules\react-dom\cjs\react-dom.development.js:27490:7)
    at performUnitOfWork (C:\Users\42195\.gemini\antigravity\scratch\git-connect-hub\node_modules\react-dom\cjs\react-dom.development.js:26599:12) Error: [vitest] No "Plus" export is defined on the "lucide-react" mock. Did you forget to return it from "vi.mock"?
If you need to partially mock a module, you can use "importOriginal" helper inside:

    at VitestMocker.createError (file:///C:/Users/42195/.gemini/antigravity/scratch/git-connect-hub/node_modules/vitest/dist/chunks/execute.B7h3T_Hc.js:284:17)
    at Object.Plus [as get] (file:///C:/Users/42195/.gemini/antigravity/scratch/git-connect-hub/node_modules/vitest/dist/chunks/execute.B7h3T_Hc.js:330:16)
    at ClientPortal (C:\Users\42195\.gemini\antigravity\scratch\git-connect-hub\src\pages\ClientPortal.tsx:417:22)
    at renderWithHooks (C:\Users\42195\.gemini\antigravity\scratch\git-connect-hub\node_modules\react-dom\cjs\react-dom.development.js:15486:18)
    at updateFunctionComponent (C:\Users\42195\.gemini\antigravity\scratch\git-connect-hub\node_modules\react-dom\cjs\react-dom.development.js:19617:20)
    at beginWork (C:\Users\42195\.gemini\antigravity\scratch\git-connect-hub\node_modules\react-dom\cjs\react-dom.development.js:21640:16)
    at HTMLUnknownElement.callCallback (C:\Users\42195\.gemini\antigravity\scratch\git-connect-hub\node_modules\react-dom\cjs\react-dom.development.js:4164:14)
    at HTMLUnknownElement.callTheUserObjectsOperation (C:\Users\42195\.gemini\antigravity\scratch\git-connect-hub\node_modules\jsdom\lib\jsdom\living\generated\EventListener.js:26:30)
    at innerInvokeEventListeners (C:\Users\42195\.gemini\antigravity\scratch\git-connect-hub\node_modules\jsdom\lib\jsdom\living\events\EventTarget-impl.js:350:25)
    at invokeEventListeners (C:\Users\42195\.gemini\antigravity\scratch\git-connect-hub\node_modules\jsdom\lib\jsdom\living\events\EventTarget-impl.js:286:3) {
  codeFrame: 'vi\x1B[33m.\x1B[39m\x1B[34mmock\x1B[39m(\x1B[35mimport\x1B[39m(\x1B[32m"lucide-react"\x1B[39m)\x1B[33m,\x1B[39m \x1B[35masync\x1B[39m (importOriginal) \x1B[33m=>\x1B[39m {\n' +
    '  \x1B[35mconst\x1B[39m actual \x1B[33m=\x1B[39m \x1B[35mawait\x1B[39m \x1B[34mimportOriginal\x1B[39m()\n' +
    '  \x1B[35mreturn\x1B[39m {\n' +
    '    \x1B[33m...\x1B[39mactual\x1B[33m,\x1B[39m\n' +
    '    \x1B[90m// your mocked methods\x1B[39m\n' +
    '  }\n' +
    '})'
}
Error: Uncaught [Error: [vitest] No "Plus" export is defined on the "lucide-react" mock. Did you forget to return it from "vi.mock"?
If you need to partially mock a module, you can use "importOriginal" helper inside:
]
    at reportException (C:\Users\42195\.gemini\antigravity\scratch\git-connect-hub\node_modules\jsdom\lib\jsdom\living\helpers\runtime-script-errors.js:66:24)
    at innerInvokeEventListeners (C:\Users\42195\.gemini\antigravity\scratch\git-connect-hub\node_modules\jsdom\lib\jsdom\living\events\EventTarget-impl.js:353:9)
    at invokeEventListeners (C:\Users\42195\.gemini\antigravity\scratch\git-connect-hub\node_modules\jsdom\lib\jsdom\living\events\EventTarget-impl.js:286:3)
    at HTMLUnknownElementImpl._dispatch (C:\Users\42195\.gemini\antigravity\scratch\git-connect-hub\node_modules\jsdom\lib\jsdom\living\events\EventTarget-impl.js:233:9)
    at HTMLUnknownElementImpl.dispatchEvent (C:\Users\42195\.gemini\antigravity\scratch\git-connect-hub\node_modules\jsdom\lib\jsdom\living\events\EventTarget-impl.js:104:17)
    at HTMLUnknownElement.dispatchEvent (C:\Users\42195\.gemini\antigravity\scratch\git-connect-hub\node_modules\jsdom\lib\jsdom\living\generated\EventTarget.js:241:34)
    at Object.invokeGuardedCallbackDev (C:\Users\42195\.gemini\antigravity\scratch\git-connect-hub\node_modules\react-dom\cjs\react-dom.development.js:4213:16)
    at invokeGuardedCallback (C:\Users\42195\.gemini\antigravity\scratch\git-connect-hub\node_modules\react-dom\cjs\react-dom.development.js:4277:31)
    at beginWork$1 (C:\Users\42195\.gemini\antigravity\scratch\git-connect-hub\node_modules\react-dom\cjs\react-dom.development.js:27490:7)
    at performUnitOfWork (C:\Users\42195\.gemini\antigravity\scratch\git-connect-hub\node_modules\react-dom\cjs\react-dom.development.js:26599:12) Error: [vitest] No "Plus" export is defined on the "lucide-react" mock. Did you forget to return it from "vi.mock"?
If you need to partially mock a module, you can use "importOriginal" helper inside:

    at VitestMocker.createError (file:///C:/Users/42195/.gemini/antigravity/scratch/git-connect-hub/node_modules/vitest/dist/chunks/execute.B7h3T_Hc.js:284:17)
    at Object.Plus [as get] (file:///C:/Users/42195/.gemini/antigravity/scratch/git-connect-hub/node_modules/vitest/dist/chunks/execute.B7h3T_Hc.js:330:16)
    at ClientPortal (C:\Users\42195\.gemini\antigravity\scratch\git-connect-hub\src\pages\ClientPortal.tsx:417:22)
    at renderWithHooks (C:\Users\42195\.gemini\antigravity\scratch\git-connect-hub\node_modules\react-dom\cjs\react-dom.development.js:15486:18)
    at updateFunctionComponent (C:\Users\42195\.gemini\antigravity\scratch\git-connect-hub\node_modules\react-dom\cjs\react-dom.development.js:19617:20)
    at beginWork (C:\Users\42195\.gemini\antigravity\scratch\git-connect-hub\node_modules\react-dom\cjs\react-dom.development.js:21640:16)
    at HTMLUnknownElement.callCallback (C:\Users\42195\.gemini\antigravity\scratch\git-connect-hub\node_modules\react-dom\cjs\react-dom.development.js:4164:14)
    at HTMLUnknownElement.callTheUserObjectsOperation (C:\Users\42195\.gemini\antigravity\scratch\git-connect-hub\node_modules\jsdom\lib\jsdom\living\generated\EventListener.js:26:30)
    at innerInvokeEventListeners (C:\Users\42195\.gemini\antigravity\scratch\git-connect-hub\node_modules\jsdom\lib\jsdom\living\events\EventTarget-impl.js:350:25)
    at invokeEventListeners (C:\Users\42195\.gemini\antigravity\scratch\git-connect-hub\node_modules\jsdom\lib\jsdom\living\events\EventTarget-impl.js:286:3) {
  codeFrame: 'vi\x1B[33m.\x1B[39m\x1B[34mmock\x1B[39m(\x1B[35mimport\x1B[39m(\x1B[32m"lucide-react"\x1B[39m)\x1B[33m,\x1B[39m \x1B[35masync\x1B[39m (importOriginal) \x1B[33m=>\x1B[39m {\n' +
    '  \x1B[35mconst\x1B[39m actual \x1B[33m=\x1B[39m \x1B[35mawait\x1B[39m \x1B[34mimportOriginal\x1B[39m()\n' +
    '  \x1B[35mreturn\x1B[39m {\n' +
    '    \x1B[33m...\x1B[39mactual\x1B[33m,\x1B[39m\n' +
    '    \x1B[90m// your mocked methods\x1B[39m\n' +
    '  }\n' +
    '})'
}
The above error occurred in the <ClientPortal> component:

    at ClientPortal (C:\Users\42195\.gemini\antigravity\scratch\git-connect-hub\src\pages\ClientPortal.tsx:56:44)
    at Router (file:///C:/Users/42195/.gemini/antigravity/scratch/git-connect-hub/node_modules/react-router/dist/development/chunk-QFMPRPBF.mjs:6717:13)
    at MemoryRouter (file:///C:/Users/42195/.gemini/antigravity/scratch/git-connect-hub/node_modules/react-router/dist/development/chunk-QFMPRPBF.mjs:6633:3)
    at QueryClientProvider (file:///C:/Users/42195/.gemini/antigravity/scratch/git-connect-hub/node_modules/@tanstack/react-query/build/modern/QueryClientProvider.js:20:3)
    at LanguageProvider (C:\Users\42195\.gemini\antigravity\scratch\git-connect-hub\src\i18n\LanguageContext.tsx:14:29)
    at _HelmetProvider (C:\Users\42195\.gemini\antigravity\scratch\git-connect-hub\node_modules\react-helmet-async\lib\index.js:483:5)

Consider adding an error boundary to your tree to customize error handling behavior.
Visit https://reactjs.org/link/error-boundaries to learn more about error boundaries.

stderr | src/__tests__/portal/ClientPortal.test.tsx > ClientPortal > logs user out
Error: Uncaught [Error: [vitest] No "Plus" export is defined on the "lucide-react" mock. Did you forget to return it from "vi.mock"?
If you need to partially mock a module, you can use "importOriginal" helper inside:
]
    at reportException (C:\Users\42195\.gemini\antigravity\scratch\git-connect-hub\node_modules\jsdom\lib\jsdom\living\helpers\runtime-script-errors.js:66:24)
    at innerInvokeEventListeners (C:\Users\42195\.gemini\antigravity\scratch\git-connect-hub\node_modules\jsdom\lib\jsdom\living\events\EventTarget-impl.js:353:9)
    at invokeEventListeners (C:\Users\42195\.gemini\antigravity\scratch\git-connect-hub\node_modules\jsdom\lib\jsdom\living\events\EventTarget-impl.js:286:3)
    at HTMLUnknownElementImpl._dispatch (C:\Users\42195\.gemini\antigravity\scratch\git-connect-hub\node_modules\jsdom\lib\jsdom\living\events\EventTarget-impl.js:233:9)
    at HTMLUnknownElementImpl.dispatchEvent (C:\Users\42195\.gemini\antigravity\scratch\git-connect-hub\node_modules\jsdom\lib\jsdom\living\events\EventTarget-impl.js:104:17)
    at HTMLUnknownElement.dispatchEvent (C:\Users\42195\.gemini\antigravity\scratch\git-connect-hub\node_modules\jsdom\lib\jsdom\living\generated\EventTarget.js:241:34)
    at Object.invokeGuardedCallbackDev (C:\Users\42195\.gemini\antigravity\scratch\git-connect-hub\node_modules\react-dom\cjs\react-dom.development.js:4213:16)
    at invokeGuardedCallback (C:\Users\42195\.gemini\antigravity\scratch\git-connect-hub\node_modules\react-dom\cjs\react-dom.development.js:4277:31)
    at beginWork$1 (C:\Users\42195\.gemini\antigravity\scratch\git-connect-hub\node_modules\react-dom\cjs\react-dom.development.js:27490:7)
    at performUnitOfWork (C:\Users\42195\.gemini\antigravity\scratch\git-connect-hub\node_modules\react-dom\cjs\react-dom.development.js:26599:12) Error: [vitest] No "Plus" export is defined on the "lucide-react" mock. Did you forget to return it from "vi.mock"?
If you need to partially mock a module, you can use "importOriginal" helper inside:

    at VitestMocker.createError (file:///C:/Users/42195/.gemini/antigravity/scratch/git-connect-hub/node_modules/vitest/dist/chunks/execute.B7h3T_Hc.js:284:17)
    at Object.Plus [as get] (file:///C:/Users/42195/.gemini/antigravity/scratch/git-connect-hub/node_modules/vitest/dist/chunks/execute.B7h3T_Hc.js:330:16)
    at ClientPortal (C:\Users\42195\.gemini\antigravity\scratch\git-connect-hub\src\pages\ClientPortal.tsx:417:22)
    at renderWithHooks (C:\Users\42195\.gemini\antigravity\scratch\git-connect-hub\node_modules\react-dom\cjs\react-dom.development.js:15486:18)
    at updateFunctionComponent (C:\Users\42195\.gemini\antigravity\scratch\git-connect-hub\node_modules\react-dom\cjs\react-dom.development.js:19617:20)
    at beginWork (C:\Users\42195\.gemini\antigravity\scratch\git-connect-hub\node_modules\react-dom\cjs\react-dom.development.js:21640:16)
    at HTMLUnknownElement.callCallback (C:\Users\42195\.gemini\antigravity\scratch\git-connect-hub\node_modules\react-dom\cjs\react-dom.development.js:4164:14)
    at HTMLUnknownElement.callTheUserObjectsOperation (C:\Users\42195\.gemini\antigravity\scratch\git-connect-hub\node_modules\jsdom\lib\jsdom\living\generated\EventListener.js:26:30)
    at innerInvokeEventListeners (C:\Users\42195\.gemini\antigravity\scratch\git-connect-hub\node_modules\jsdom\lib\jsdom\living\events\EventTarget-impl.js:350:25)
    at invokeEventListeners (C:\Users\42195\.gemini\antigravity\scratch\git-connect-hub\node_modules\jsdom\lib\jsdom\living\events\EventTarget-impl.js:286:3) {
  codeFrame: 'vi\x1B[33m.\x1B[39m\x1B[34mmock\x1B[39m(\x1B[35mimport\x1B[39m(\x1B[32m"lucide-react"\x1B[39m)\x1B[33m,\x1B[39m \x1B[35masync\x1B[39m (importOriginal) \x1B[33m=>\x1B[39m {\n' +
    '  \x1B[35mconst\x1B[39m actual \x1B[33m=\x1B[39m \x1B[35mawait\x1B[39m \x1B[34mimportOriginal\x1B[39m()\n' +
    '  \x1B[35mreturn\x1B[39m {\n' +
    '    \x1B[33m...\x1B[39mactual\x1B[33m,\x1B[39m\n' +
    '    \x1B[90m// your mocked methods\x1B[39m\n' +
    '  }\n' +
    '})'
}
Error: Uncaught [Error: [vitest] No "Plus" export is defined on the "lucide-react" mock. Did you forget to return it from "vi.mock"?
If you need to partially mock a module, you can use "importOriginal" helper inside:
]
    at reportException (C:\Users\42195\.gemini\antigravity\scratch\git-connect-hub\node_modules\jsdom\lib\jsdom\living\helpers\runtime-script-errors.js:66:24)
    at innerInvokeEventListeners (C:\Users\42195\.gemini\antigravity\scratch\git-connect-hub\node_modules\jsdom\lib\jsdom\living\events\EventTarget-impl.js:353:9)
    at invokeEventListeners (C:\Users\42195\.gemini\antigravity\scratch\git-connect-hub\node_modules\jsdom\lib\jsdom\living\events\EventTarget-impl.js:286:3)
    at HTMLUnknownElementImpl._dispatch (C:\Users\42195\.gemini\antigravity\scratch\git-connect-hub\node_modules\jsdom\lib\jsdom\living\events\EventTarget-impl.js:233:9)
    at HTMLUnknownElementImpl.dispatchEvent (C:\Users\42195\.gemini\antigravity\scratch\git-connect-hub\node_modules\jsdom\lib\jsdom\living\events\EventTarget-impl.js:104:17)
    at HTMLUnknownElement.dispatchEvent (C:\Users\42195\.gemini\antigravity\scratch\git-connect-hub\node_modules\jsdom\lib\jsdom\living\generated\EventTarget.js:241:34)
    at Object.invokeGuardedCallbackDev (C:\Users\42195\.gemini\antigravity\scratch\git-connect-hub\node_modules\react-dom\cjs\react-dom.development.js:4213:16)
    at invokeGuardedCallback (C:\Users\42195\.gemini\antigravity\scratch\git-connect-hub\node_modules\react-dom\cjs\react-dom.development.js:4277:31)
    at beginWork$1 (C:\Users\42195\.gemini\antigravity\scratch\git-connect-hub\node_modules\react-dom\cjs\react-dom.development.js:27490:7)
    at performUnitOfWork (C:\Users\42195\.gemini\antigravity\scratch\git-connect-hub\node_modules\react-dom\cjs\react-dom.development.js:26599:12) Error: [vitest] No "Plus" export is defined on the "lucide-react" mock. Did you forget to return it from "vi.mock"?
If you need to partially mock a module, you can use "importOriginal" helper inside:

    at VitestMocker.createError (file:///C:/Users/42195/.gemini/antigravity/scratch/git-connect-hub/node_modules/vitest/dist/chunks/execute.B7h3T_Hc.js:284:17)
    at Object.Plus [as get] (file:///C:/Users/42195/.gemini/antigravity/scratch/git-connect-hub/node_modules/vitest/dist/chunks/execute.B7h3T_Hc.js:330:16)
    at ClientPortal (C:\Users\42195\.gemini\antigravity\scratch\git-connect-hub\src\pages\ClientPortal.tsx:417:22)
    at renderWithHooks (C:\Users\42195\.gemini\antigravity\scratch\git-connect-hub\node_modules\react-dom\cjs\react-dom.development.js:15486:18)
    at updateFunctionComponent (C:\Users\42195\.gemini\antigravity\scratch\git-connect-hub\node_modules\react-dom\cjs\react-dom.development.js:19617:20)
    at beginWork (C:\Users\42195\.gemini\antigravity\scratch\git-connect-hub\node_modules\react-dom\cjs\react-dom.development.js:21640:16)
    at HTMLUnknownElement.callCallback (C:\Users\42195\.gemini\antigravity\scratch\git-connect-hub\node_modules\react-dom\cjs\react-dom.development.js:4164:14)
    at HTMLUnknownElement.callTheUserObjectsOperation (C:\Users\42195\.gemini\antigravity\scratch\git-connect-hub\node_modules\jsdom\lib\jsdom\living\generated\EventListener.js:26:30)
    at innerInvokeEventListeners (C:\Users\42195\.gemini\antigravity\scratch\git-connect-hub\node_modules\jsdom\lib\jsdom\living\events\EventTarget-impl.js:350:25)
    at invokeEventListeners (C:\Users\42195\.gemini\antigravity\scratch\git-connect-hub\node_modules\jsdom\lib\jsdom\living\events\EventTarget-impl.js:286:3) {
  codeFrame: 'vi\x1B[33m.\x1B[39m\x1B[34mmock\x1B[39m(\x1B[35mimport\x1B[39m(\x1B[32m"lucide-react"\x1B[39m)\x1B[33m,\x1B[39m \x1B[35masync\x1B[39m (importOriginal) \x1B[33m=>\x1B[39m {\n' +
    '  \x1B[35mconst\x1B[39m actual \x1B[33m=\x1B[39m \x1B[35mawait\x1B[39m \x1B[34mimportOriginal\x1B[39m()\n' +
    '  \x1B[35mreturn\x1B[39m {\n' +
    '    \x1B[33m...\x1B[39mactual\x1B[33m,\x1B[39m\n' +
    '    \x1B[90m// your mocked methods\x1B[39m\n' +
    '  }\n' +
    '})'
}
The above error occurred in the <ClientPortal> component:

    at ClientPortal (C:\Users\42195\.gemini\antigravity\scratch\git-connect-hub\src\pages\ClientPortal.tsx:56:44)
    at Router (file:///C:/Users/42195/.gemini/antigravity/scratch/git-connect-hub/node_modules/react-router/dist/development/chunk-QFMPRPBF.mjs:6717:13)
    at MemoryRouter (file:///C:/Users/42195/.gemini/antigravity/scratch/git-connect-hub/node_modules/react-router/dist/development/chunk-QFMPRPBF.mjs:6633:3)
    at QueryClientProvider (file:///C:/Users/42195/.gemini/antigravity/scratch/git-connect-hub/node_modules/@tanstack/react-query/build/modern/QueryClientProvider.js:20:3)
    at LanguageProvider (C:\Users\42195\.gemini\antigravity\scratch\git-connect-hub\src\i18n\LanguageContext.tsx:14:29)
    at _HelmetProvider (C:\Users\42195\.gemini\antigravity\scratch\git-connect-hub\node_modules\react-helmet-async\lib\index.js:483:5)

Consider adding an error boundary to your tree to customize error handling behavior.
Visit https://reactjs.org/link/error-boundaries to learn more about error boundaries.

stderr | src/__tests__/portal/ClientPortal.test.tsx > ClientPortal > opens profile edit dialog and updates profile
Error: Uncaught [Error: [vitest] No "Plus" export is defined on the "lucide-react" mock. Did you forget to return it from "vi.mock"?
If you need to partially mock a module, you can use "importOriginal" helper inside:
]
    at reportException (C:\Users\42195\.gemini\antigravity\scratch\git-connect-hub\node_modules\jsdom\lib\jsdom\living\helpers\runtime-script-errors.js:66:24)
    at innerInvokeEventListeners (C:\Users\42195\.gemini\antigravity\scratch\git-connect-hub\node_modules\jsdom\lib\jsdom\living\events\EventTarget-impl.js:353:9)
    at invokeEventListeners (C:\Users\42195\.gemini\antigravity\scratch\git-connect-hub\node_modules\jsdom\lib\jsdom\living\events\EventTarget-impl.js:286:3)
    at HTMLUnknownElementImpl._dispatch (C:\Users\42195\.gemini\antigravity\scratch\git-connect-hub\node_modules\jsdom\lib\jsdom\living\events\EventTarget-impl.js:233:9)
    at HTMLUnknownElementImpl.dispatchEvent (C:\Users\42195\.gemini\antigravity\scratch\git-connect-hub\node_modules\jsdom\lib\jsdom\living\events\EventTarget-impl.js:104:17)
    at HTMLUnknownElement.dispatchEvent (C:\Users\42195\.gemini\antigravity\scratch\git-connect-hub\node_modules\jsdom\lib\jsdom\living\generated\EventTarget.js:241:34)
    at Object.invokeGuardedCallbackDev (C:\Users\42195\.gemini\antigravity\scratch\git-connect-hub\node_modules\react-dom\cjs\react-dom.development.js:4213:16)
    at invokeGuardedCallback (C:\Users\42195\.gemini\antigravity\scratch\git-connect-hub\node_modules\react-dom\cjs\react-dom.development.js:4277:31)
    at beginWork$1 (C:\Users\42195\.gemini\antigravity\scratch\git-connect-hub\node_modules\react-dom\cjs\react-dom.development.js:27490:7)
    at performUnitOfWork (C:\Users\42195\.gemini\antigravity\scratch\git-connect-hub\node_modules\react-dom\cjs\react-dom.development.js:26599:12) Error: [vitest] No "Plus" export is defined on the "lucide-react" mock. Did you forget to return it from "vi.mock"?
If you need to partially mock a module, you can use "importOriginal" helper inside:

    at VitestMocker.createError (file:///C:/Users/42195/.gemini/antigravity/scratch/git-connect-hub/node_modules/vitest/dist/chunks/execute.B7h3T_Hc.js:284:17)
    at Object.Plus [as get] (file:///C:/Users/42195/.gemini/antigravity/scratch/git-connect-hub/node_modules/vitest/dist/chunks/execute.B7h3T_Hc.js:330:16)
    at ClientPortal (C:\Users\42195\.gemini\antigravity\scratch\git-connect-hub\src\pages\ClientPortal.tsx:417:22)
    at renderWithHooks (C:\Users\42195\.gemini\antigravity\scratch\git-connect-hub\node_modules\react-dom\cjs\react-dom.development.js:15486:18)
    at updateFunctionComponent (C:\Users\42195\.gemini\antigravity\scratch\git-connect-hub\node_modules\react-dom\cjs\react-dom.development.js:19617:20)
    at beginWork (C:\Users\42195\.gemini\antigravity\scratch\git-connect-hub\node_modules\react-dom\cjs\react-dom.development.js:21640:16)
    at HTMLUnknownElement.callCallback (C:\Users\42195\.gemini\antigravity\scratch\git-connect-hub\node_modules\react-dom\cjs\react-dom.development.js:4164:14)
    at HTMLUnknownElement.callTheUserObjectsOperation (C:\Users\42195\.gemini\antigravity\scratch\git-connect-hub\node_modules\jsdom\lib\jsdom\living\generated\EventListener.js:26:30)
    at innerInvokeEventListeners (C:\Users\42195\.gemini\antigravity\scratch\git-connect-hub\node_modules\jsdom\lib\jsdom\living\events\EventTarget-impl.js:350:25)
    at invokeEventListeners (C:\Users\42195\.gemini\antigravity\scratch\git-connect-hub\node_modules\jsdom\lib\jsdom\living\events\EventTarget-impl.js:286:3) {
  codeFrame: 'vi\x1B[33m.\x1B[39m\x1B[34mmock\x1B[39m(\x1B[35mimport\x1B[39m(\x1B[32m"lucide-react"\x1B[39m)\x1B[33m,\x1B[39m \x1B[35masync\x1B[39m (importOriginal) \x1B[33m=>\x1B[39m {\n' +
    '  \x1B[35mconst\x1B[39m actual \x1B[33m=\x1B[39m \x1B[35mawait\x1B[39m \x1B[34mimportOriginal\x1B[39m()\n' +
    '  \x1B[35mreturn\x1B[39m {\n' +
    '    \x1B[33m...\x1B[39mactual\x1B[33m,\x1B[39m\n' +
    '    \x1B[90m// your mocked methods\x1B[39m\n' +
    '  }\n' +
    '})'
}
Error: Uncaught [Error: [vitest] No "Plus" export is defined on the "lucide-react" mock. Did you forget to return it from "vi.mock"?
If you need to partially mock a module, you can use "importOriginal" helper inside:
]
    at reportException (C:\Users\42195\.gemini\antigravity\scratch\git-connect-hub\node_modules\jsdom\lib\jsdom\living\helpers\runtime-script-errors.js:66:24)
    at innerInvokeEventListeners (C:\Users\42195\.gemini\antigravity\scratch\git-connect-hub\node_modules\jsdom\lib\jsdom\living\events\EventTarget-impl.js:353:9)
    at invokeEventListeners (C:\Users\42195\.gemini\antigravity\scratch\git-connect-hub\node_modules\jsdom\lib\jsdom\living\events\EventTarget-impl.js:286:3)
    at HTMLUnknownElementImpl._dispatch (C:\Users\42195\.gemini\antigravity\scratch\git-connect-hub\node_modules\jsdom\lib\jsdom\living\events\EventTarget-impl.js:233:9)
    at HTMLUnknownElementImpl.dispatchEvent (C:\Users\42195\.gemini\antigravity\scratch\git-connect-hub\node_modules\jsdom\lib\jsdom\living\events\EventTarget-impl.js:104:17)
    at HTMLUnknownElement.dispatchEvent (C:\Users\42195\.gemini\antigravity\scratch\git-connect-hub\node_modules\jsdom\lib\jsdom\living\generated\EventTarget.js:241:34)
    at Object.invokeGuardedCallbackDev (C:\Users\42195\.gemini\antigravity\scratch\git-connect-hub\node_modules\react-dom\cjs\react-dom.development.js:4213:16)
    at invokeGuardedCallback (C:\Users\42195\.gemini\antigravity\scratch\git-connect-hub\node_modules\react-dom\cjs\react-dom.development.js:4277:31)
    at beginWork$1 (C:\Users\42195\.gemini\antigravity\scratch\git-connect-hub\node_modules\react-dom\cjs\react-dom.development.js:27490:7)
    at performUnitOfWork (C:\Users\42195\.gemini\antigravity\scratch\git-connect-hub\node_modules\react-dom\cjs\react-dom.development.js:26599:12) Error: [vitest] No "Plus" export is defined on the "lucide-react" mock. Did you forget to return it from "vi.mock"?
If you need to partially mock a module, you can use "importOriginal" helper inside:

    at VitestMocker.createError (file:///C:/Users/42195/.gemini/antigravity/scratch/git-connect-hub/node_modules/vitest/dist/chunks/execute.B7h3T_Hc.js:284:17)
    at Object.Plus [as get] (file:///C:/Users/42195/.gemini/antigravity/scratch/git-connect-hub/node_modules/vitest/dist/chunks/execute.B7h3T_Hc.js:330:16)
    at ClientPortal (C:\Users\42195\.gemini\antigravity\scratch\git-connect-hub\src\pages\ClientPortal.tsx:417:22)
    at renderWithHooks (C:\Users\42195\.gemini\antigravity\scratch\git-connect-hub\node_modules\react-dom\cjs\react-dom.development.js:15486:18)
    at updateFunctionComponent (C:\Users\42195\.gemini\antigravity\scratch\git-connect-hub\node_modules\react-dom\cjs\react-dom.development.js:19617:20)
    at beginWork (C:\Users\42195\.gemini\antigravity\scratch\git-connect-hub\node_modules\react-dom\cjs\react-dom.development.js:21640:16)
    at HTMLUnknownElement.callCallback (C:\Users\42195\.gemini\antigravity\scratch\git-connect-hub\node_modules\react-dom\cjs\react-dom.development.js:4164:14)
    at HTMLUnknownElement.callTheUserObjectsOperation (C:\Users\42195\.gemini\antigravity\scratch\git-connect-hub\node_modules\jsdom\lib\jsdom\living\generated\EventListener.js:26:30)
    at innerInvokeEventListeners (C:\Users\42195\.gemini\antigravity\scratch\git-connect-hub\node_modules\jsdom\lib\jsdom\living\events\EventTarget-impl.js:350:25)
    at invokeEventListeners (C:\Users\42195\.gemini\antigravity\scratch\git-connect-hub\node_modules\jsdom\lib\jsdom\living\events\EventTarget-impl.js:286:3) {
  codeFrame: 'vi\x1B[33m.\x1B[39m\x1B[34mmock\x1B[39m(\x1B[35mimport\x1B[39m(\x1B[32m"lucide-react"\x1B[39m)\x1B[33m,\x1B[39m \x1B[35masync\x1B[39m (importOriginal) \x1B[33m=>\x1B[39m {\n' +
    '  \x1B[35mconst\x1B[39m actual \x1B[33m=\x1B[39m \x1B[35mawait\x1B[39m \x1B[34mimportOriginal\x1B[39m()\n' +
    '  \x1B[35mreturn\x1B[39m {\n' +
    '    \x1B[33m...\x1B[39mactual\x1B[33m,\x1B[39m\n' +
    '    \x1B[90m// your mocked methods\x1B[39m\n' +
    '  }\n' +
    '})'
}
The above error occurred in the <ClientPortal> component:

    at ClientPortal (C:\Users\42195\.gemini\antigravity\scratch\git-connect-hub\src\pages\ClientPortal.tsx:56:44)
    at Router (file:///C:/Users/42195/.gemini/antigravity/scratch/git-connect-hub/node_modules/react-router/dist/development/chunk-QFMPRPBF.mjs:6717:13)
    at MemoryRouter (file:///C:/Users/42195/.gemini/antigravity/scratch/git-connect-hub/node_modules/react-router/dist/development/chunk-QFMPRPBF.mjs:6633:3)
    at QueryClientProvider (file:///C:/Users/42195/.gemini/antigravity/scratch/git-connect-hub/node_modules/@tanstack/react-query/build/modern/QueryClientProvider.js:20:3)
    at LanguageProvider (C:\Users\42195\.gemini\antigravity\scratch\git-connect-hub\src\i18n\LanguageContext.tsx:14:29)
    at _HelmetProvider (C:\Users\42195\.gemini\antigravity\scratch\git-connect-hub\node_modules\react-helmet-async\lib\index.js:483:5)

Consider adding an error boundary to your tree to customize error handling behavior.
Visit https://reactjs.org/link/error-boundaries to learn more about error boundaries.

stderr | src/__tests__/portal/ClientPortal.test.tsx > ClientPortal > opens cancel booking dialog and cancels booking
Error: Uncaught [Error: [vitest] No "Plus" export is defined on the "lucide-react" mock. Did you forget to return it from "vi.mock"?
If you need to partially mock a module, you can use "importOriginal" helper inside:
]
    at reportException (C:\Users\42195\.gemini\antigravity\scratch\git-connect-hub\node_modules\jsdom\lib\jsdom\living\helpers\runtime-script-errors.js:66:24)
    at innerInvokeEventListeners (C:\Users\42195\.gemini\antigravity\scratch\git-connect-hub\node_modules\jsdom\lib\jsdom\living\events\EventTarget-impl.js:353:9)
    at invokeEventListeners (C:\Users\42195\.gemini\antigravity\scratch\git-connect-hub\node_modules\jsdom\lib\jsdom\living\events\EventTarget-impl.js:286:3)
    at HTMLUnknownElementImpl._dispatch (C:\Users\42195\.gemini\antigravity\scratch\git-connect-hub\node_modules\jsdom\lib\jsdom\living\events\EventTarget-impl.js:233:9)
    at HTMLUnknownElementImpl.dispatchEvent (C:\Users\42195\.gemini\antigravity\scratch\git-connect-hub\node_modules\jsdom\lib\jsdom\living\events\EventTarget-impl.js:104:17)
    at HTMLUnknownElement.dispatchEvent (C:\Users\42195\.gemini\antigravity\scratch\git-connect-hub\node_modules\jsdom\lib\jsdom\living\generated\EventTarget.js:241:34)
    at Object.invokeGuardedCallbackDev (C:\Users\42195\.gemini\antigravity\scratch\git-connect-hub\node_modules\react-dom\cjs\react-dom.development.js:4213:16)
    at invokeGuardedCallback (C:\Users\42195\.gemini\antigravity\scratch\git-connect-hub\node_modules\react-dom\cjs\react-dom.development.js:4277:31)
    at beginWork$1 (C:\Users\42195\.gemini\antigravity\scratch\git-connect-hub\node_modules\react-dom\cjs\react-dom.development.js:27490:7)
    at performUnitOfWork (C:\Users\42195\.gemini\antigravity\scratch\git-connect-hub\node_modules\react-dom\cjs\react-dom.development.js:26599:12) Error: [vitest] No "Plus" export is defined on the "lucide-react" mock. Did you forget to return it from "vi.mock"?
If you need to partially mock a module, you can use "importOriginal" helper inside:

    at VitestMocker.createError (file:///C:/Users/42195/.gemini/antigravity/scratch/git-connect-hub/node_modules/vitest/dist/chunks/execute.B7h3T_Hc.js:284:17)
    at Object.Plus [as get] (file:///C:/Users/42195/.gemini/antigravity/scratch/git-connect-hub/node_modules/vitest/dist/chunks/execute.B7h3T_Hc.js:330:16)
    at ClientPortal (C:\Users\42195\.gemini\antigravity\scratch\git-connect-hub\src\pages\ClientPortal.tsx:417:22)
    at renderWithHooks (C:\Users\42195\.gemini\antigravity\scratch\git-connect-hub\node_modules\react-dom\cjs\react-dom.development.js:15486:18)
    at updateFunctionComponent (C:\Users\42195\.gemini\antigravity\scratch\git-connect-hub\node_modules\react-dom\cjs\react-dom.development.js:19617:20)
    at beginWork (C:\Users\42195\.gemini\antigravity\scratch\git-connect-hub\node_modules\react-dom\cjs\react-dom.development.js:21640:16)
    at HTMLUnknownElement.callCallback (C:\Users\42195\.gemini\antigravity\scratch\git-connect-hub\node_modules\react-dom\cjs\react-dom.development.js:4164:14)
    at HTMLUnknownElement.callTheUserObjectsOperation (C:\Users\42195\.gemini\antigravity\scratch\git-connect-hub\node_modules\jsdom\lib\jsdom\living\generated\EventListener.js:26:30)
    at innerInvokeEventListeners (C:\Users\42195\.gemini\antigravity\scratch\git-connect-hub\node_modules\jsdom\lib\jsdom\living\events\EventTarget-impl.js:350:25)
    at invokeEventListeners (C:\Users\42195\.gemini\antigravity\scratch\git-connect-hub\node_modules\jsdom\lib\jsdom\living\events\EventTarget-impl.js:286:3) {
  codeFrame: 'vi\x1B[33m.\x1B[39m\x1B[34mmock\x1B[39m(\x1B[35mimport\x1B[39m(\x1B[32m"lucide-react"\x1B[39m)\x1B[33m,\x1B[39m \x1B[35masync\x1B[39m (importOriginal) \x1B[33m=>\x1B[39m {\n' +
    '  \x1B[35mconst\x1B[39m actual \x1B[33m=\x1B[39m \x1B[35mawait\x1B[39m \x1B[34mimportOriginal\x1B[39m()\n' +
    '  \x1B[35mreturn\x1B[39m {\n' +
    '    \x1B[33m...\x1B[39mactual\x1B[33m,\x1B[39m\n' +
    '    \x1B[90m// your mocked methods\x1B[39m\n' +
    '  }\n' +
    '})'
}
Error: Uncaught [Error: [vitest] No "Plus" export is defined on the "lucide-react" mock. Did you forget to return it from "vi.mock"?
If you need to partially mock a module, you can use "importOriginal" helper inside:
]
    at reportException (C:\Users\42195\.gemini\antigravity\scratch\git-connect-hub\node_modules\jsdom\lib\jsdom\living\helpers\runtime-script-errors.js:66:24)
    at innerInvokeEventListeners (C:\Users\42195\.gemini\antigravity\scratch\git-connect-hub\node_modules\jsdom\lib\jsdom\living\events\EventTarget-impl.js:353:9)
    at invokeEventListeners (C:\Users\42195\.gemini\antigravity\scratch\git-connect-hub\node_modules\jsdom\lib\jsdom\living\events\EventTarget-impl.js:286:3)
    at HTMLUnknownElementImpl._dispatch (C:\Users\42195\.gemini\antigravity\scratch\git-connect-hub\node_modules\jsdom\lib\jsdom\living\events\EventTarget-impl.js:233:9)
    at HTMLUnknownElementImpl.dispatchEvent (C:\Users\42195\.gemini\antigravity\scratch\git-connect-hub\node_modules\jsdom\lib\jsdom\living\events\EventTarget-impl.js:104:17)
    at HTMLUnknownElement.dispatchEvent (C:\Users\42195\.gemini\antigravity\scratch\git-connect-hub\node_modules\jsdom\lib\jsdom\living\generated\EventTarget.js:241:34)
    at Object.invokeGuardedCallbackDev (C:\Users\42195\.gemini\antigravity\scratch\git-connect-hub\node_modules\react-dom\cjs\react-dom.development.js:4213:16)
    at invokeGuardedCallback (C:\Users\42195\.gemini\antigravity\scratch\git-connect-hub\node_modules\react-dom\cjs\react-dom.development.js:4277:31)
    at beginWork$1 (C:\Users\42195\.gemini\antigravity\scratch\git-connect-hub\node_modules\react-dom\cjs\react-dom.development.js:27490:7)
    at performUnitOfWork (C:\Users\42195\.gemini\antigravity\scratch\git-connect-hub\node_modules\react-dom\cjs\react-dom.development.js:26599:12) Error: [vitest] No "Plus" export is defined on the "lucide-react" mock. Did you forget to return it from "vi.mock"?
If you need to partially mock a module, you can use "importOriginal" helper inside:

    at VitestMocker.createError (file:///C:/Users/42195/.gemini/antigravity/scratch/git-connect-hub/node_modules/vitest/dist/chunks/execute.B7h3T_Hc.js:284:17)
    at Object.Plus [as get] (file:///C:/Users/42195/.gemini/antigravity/scratch/git-connect-hub/node_modules/vitest/dist/chunks/execute.B7h3T_Hc.js:330:16)
    at ClientPortal (C:\Users\42195\.gemini\antigravity\scratch\git-connect-hub\src\pages\ClientPortal.tsx:417:22)
    at renderWithHooks (C:\Users\42195\.gemini\antigravity\scratch\git-connect-hub\node_modules\react-dom\cjs\react-dom.development.js:15486:18)
    at updateFunctionComponent (C:\Users\42195\.gemini\antigravity\scratch\git-connect-hub\node_modules\react-dom\cjs\react-dom.development.js:19617:20)
    at beginWork (C:\Users\42195\.gemini\antigravity\scratch\git-connect-hub\node_modules\react-dom\cjs\react-dom.development.js:21640:16)
    at HTMLUnknownElement.callCallback (C:\Users\42195\.gemini\antigravity\scratch\git-connect-hub\node_modules\react-dom\cjs\react-dom.development.js:4164:14)
    at HTMLUnknownElement.callTheUserObjectsOperation (C:\Users\42195\.gemini\antigravity\scratch\git-connect-hub\node_modules\jsdom\lib\jsdom\living\generated\EventListener.js:26:30)
    at innerInvokeEventListeners (C:\Users\42195\.gemini\antigravity\scratch\git-connect-hub\node_modules\jsdom\lib\jsdom\living\events\EventTarget-impl.js:350:25)
    at invokeEventListeners (C:\Users\42195\.gemini\antigravity\scratch\git-connect-hub\node_modules\jsdom\lib\jsdom\living\events\EventTarget-impl.js:286:3) {
  codeFrame: 'vi\x1B[33m.\x1B[39m\x1B[34mmock\x1B[39m(\x1B[35mimport\x1B[39m(\x1B[32m"lucide-react"\x1B[39m)\x1B[33m,\x1B[39m \x1B[35masync\x1B[39m (importOriginal) \x1B[33m=>\x1B[39m {\n' +
    '  \x1B[35mconst\x1B[39m actual \x1B[33m=\x1B[39m \x1B[35mawait\x1B[39m \x1B[34mimportOriginal\x1B[39m()\n' +
    '  \x1B[35mreturn\x1B[39m {\n' +
    '    \x1B[33m...\x1B[39mactual\x1B[33m,\x1B[39m\n' +
    '    \x1B[90m// your mocked methods\x1B[39m\n' +
    '  }\n' +
    '})'
}
The above error occurred in the <ClientPortal> component:

    at ClientPortal (C:\Users\42195\.gemini\antigravity\scratch\git-connect-hub\src\pages\ClientPortal.tsx:56:44)
    at Router (file:///C:/Users/42195/.gemini/antigravity/scratch/git-connect-hub/node_modules/react-router/dist/development/chunk-QFMPRPBF.mjs:6717:13)
    at MemoryRouter (file:///C:/Users/42195/.gemini/antigravity/scratch/git-connect-hub/node_modules/react-router/dist/development/chunk-QFMPRPBF.mjs:6633:3)
    at QueryClientProvider (file:///C:/Users/42195/.gemini/antigravity/scratch/git-connect-hub/node_modules/@tanstack/react-query/build/modern/QueryClientProvider.js:20:3)
    at LanguageProvider (C:\Users\42195\.gemini\antigravity\scratch\git-connect-hub\src\i18n\LanguageContext.tsx:14:29)
    at _HelmetProvider (C:\Users\42195\.gemini\antigravity\scratch\git-connect-hub\node_modules\react-helmet-async\lib\index.js:483:5)

Consider adding an error boundary to your tree to customize error handling behavior.
Visit https://reactjs.org/link/error-boundaries to learn more about error boundaries.

 ❯ src/__tests__/portal/ClientPortal.test.tsx (4 tests | 4 failed) 4078ms
   × ClientPortal > renders user info 1051ms
     → Unable to find an element with the text: /Test User/i. This could be because the text is broken up by multiple elements. In this case, you can provide a function for your text matcher to make your matcher more flexible.

Ignored nodes: comments, script, style
[36m<body>[39m
  [36m<div />[39m
[36m</body>[39m

Ignored nodes: comments, script, style
[36m<body>[39m
  [36m<div />[39m
[36m</body>[39m
   × ClientPortal > logs user out 1006ms
     → Unable to find an element with the title: /Odhlásiť sa|Sign Out/i.

Ignored nodes: comments, script, style
[36m<body>[39m
  [36m<div />[39m
[36m</body>[39m

Ignored nodes: comments, script, style
[36m<body>[39m
  [36m<div />[39m
[36m</body>[39m
   × ClientPortal > opens profile edit dialog and updates profile 1011ms
     → Unable to find an element with the title: Upraviť profil.

Ignored nodes: comments, script, style
[36m<body>[39m
  [36m<div />[39m
[36m</body>[39m

Ignored nodes: comments, script, style
[36m<body>[39m
  [36m<div />[39m
[36m</body>[39m
   × ClientPortal > opens cancel booking dialog and cancels booking 1007ms
     → Unable to find an element with the title: /Zrušiť termín/i.

Ignored nodes: comments, script, style
[36m<body>[39m
  [36m<div />[39m
[36m</body>[39m

Ignored nodes: comments, script, style
[36m<body>[39m
  [36m<div />[39m
[36m</body>[39m

⎯⎯⎯⎯⎯⎯⎯ Failed Tests 4 ⎯⎯⎯⎯⎯⎯⎯

 FAIL  src/__tests__/portal/ClientPortal.test.tsx > ClientPortal > renders user info
TestingLibraryElementError: Unable to find an element with the text: /Test User/i. This could be because the text is broken up by multiple elements. In this case, you can provide a function for your text matcher to make your matcher more flexible.

Ignored nodes: comments, script, style
<body>
  <div />
</body>

Ignored nodes: comments, script, style
<body>
  <div />
</body>
 ❯ waitForWrapper node_modules/@testing-library/dom/dist/wait-for.js:163:27
 ❯ findByText node_modules/@testing-library/dom/dist/query-helpers.js:86:33
 ❯ src/__tests__/portal/ClientPortal.test.tsx:204:25
    202|     );
    203| 
    204|     expect(await screen.findByText(/Test User/i)).toBeInTheDocument();
       |                         ^
    205|   });
    206| 

⎯⎯⎯⎯⎯⎯⎯⎯⎯⎯⎯⎯⎯⎯⎯⎯⎯⎯⎯⎯⎯⎯⎯⎯[1/4]⎯

 FAIL  src/__tests__/portal/ClientPortal.test.tsx > ClientPortal > logs user out
TestingLibraryElementError: Unable to find an element with the title: /Odhlásiť sa|Sign Out/i.

Ignored nodes: comments, script, style
<body>
  <div />
</body>

Ignored nodes: comments, script, style
<body>
  <div />
</body>
 ❯ waitForWrapper node_modules/@testing-library/dom/dist/wait-for.js:163:27
 ❯ findByTitle node_modules/@testing-library/dom/dist/query-helpers.js:86:33
 ❯ src/__tests__/portal/ClientPortal.test.tsx:220:36
    218|     );
    219| 
    220|     const logoutBtn = await screen.findByTitle(/Odhlásiť sa|Sign Out/i…
       |                                    ^
    221|     fireEvent.click(logoutBtn);
    222| 

⎯⎯⎯⎯⎯⎯⎯⎯⎯⎯⎯⎯⎯⎯⎯⎯⎯⎯⎯⎯⎯⎯⎯⎯[2/4]⎯

 FAIL  src/__tests__/portal/ClientPortal.test.tsx > ClientPortal > opens profile edit dialog and updates profile
TestingLibraryElementError: Unable to find an element with the title: Upraviť profil.

Ignored nodes: comments, script, style
<body>
  <div />
</body>

Ignored nodes: comments, script, style
<body>
  <div />
</body>
 ❯ waitForWrapper node_modules/@testing-library/dom/dist/wait-for.js:163:27
 ❯ findByTitle node_modules/@testing-library/dom/dist/query-helpers.js:86:33
 ❯ src/__tests__/portal/ClientPortal.test.tsx:241:34
    239|     );
    240| 
    241|     const editBtn = await screen.findByTitle("Upraviť profil");
       |                                  ^
    242|     fireEvent.click(editBtn);
    243| 

⎯⎯⎯⎯⎯⎯⎯⎯⎯⎯⎯⎯⎯⎯⎯⎯⎯⎯⎯⎯⎯⎯⎯⎯[3/4]⎯

 FAIL  src/__tests__/portal/ClientPortal.test.tsx > ClientPortal > opens cancel booking dialog and cancels booking
TestingLibraryElementError: Unable to find an element with the title: /Zrušiť termín/i.

Ignored nodes: comments, script, style
<body>
  <div />
</body>

Ignored nodes: comments, script, style
<body>
  <div />
</body>
 ❯ waitForWrapper node_modules/@testing-library/dom/dist/wait-for.js:163:27
 ❯ findByTitle node_modules/@testing-library/dom/dist/query-helpers.js:86:33
 ❯ src/__tests__/portal/ClientPortal.test.tsx:269:36
    267|     );
    268| 
    269|     const cancelBtn = await screen.findByTitle(/Zrušiť termín/i);
       |                                    ^
    270|     fireEvent.click(cancelBtn);
    271| 

⎯⎯⎯⎯⎯⎯⎯⎯⎯⎯⎯⎯⎯⎯⎯⎯⎯⎯⎯⎯⎯⎯⎯⎯[4/4]⎯

⎯⎯⎯⎯⎯⎯ Unhandled Errors ⎯⎯⎯⎯⎯⎯

Vitest caught 4 unhandled errors during the test run.
This might cause false positive tests. Resolve unhandled errors to make sure your tests are not affected.

⎯⎯⎯⎯⎯ Uncaught Exception ⎯⎯⎯⎯⎯
Error: [vitest] No "Plus" export is defined on the "lucide-react" mock. Did you forget to return it from "vi.mock"?
If you need to partially mock a module, you can use "importOriginal" helper inside:

vi.mock(import("lucide-react"), async (importOriginal) => {
  const actual = await importOriginal()
  return {
    ...actual,
    // your mocked methods
  }
})

 ❯ VitestMocker.createError node_modules/vitest/dist/chunks/execute.B7h3T_Hc.js:284:17
 ❯ Object.Plus [as get] node_modules/vitest/dist/chunks/execute.B7h3T_Hc.js:330:16
 ❯ ClientPortal src/pages/ClientPortal.tsx:417:22

 ❯ renderWithHooks node_modules/react-dom/cjs/react-dom.development.js:15486:18
 ❯ updateFunctionComponent node_modules/react-dom/cjs/react-dom.development.js:19617:20
 ❯ beginWork node_modules/react-dom/cjs/react-dom.development.js:21640:16
 ❯ beginWork$1 node_modules/react-dom/cjs/react-dom.development.js:27465:14
 ❯ performUnitOfWork node_modules/react-dom/cjs/react-dom.development.js:26599:12
 ❯ workLoopSync node_modules/react-dom/cjs/react-dom.development.js:26505:5
 ❯ renderRootSync node_modules/react-dom/cjs/react-dom.development.js:26473:7

This error originated in "src/__tests__/portal/ClientPortal.test.tsx" test file. It doesn't mean the error was thrown inside the file itself, but while it was running.
The latest test that might've caused the error is "renders user info". It might mean one of the following:
- The error was thrown, while Vitest was running this test.
- If the error occurred after the test had been completed, this was the last documented test before it was thrown.

⎯⎯⎯⎯⎯ Uncaught Exception ⎯⎯⎯⎯⎯
Error: [vitest] No "Plus" export is defined on the "lucide-react" mock. Did you forget to return it from "vi.mock"?
If you need to partially mock a module, you can use "importOriginal" helper inside:

vi.mock(import("lucide-react"), async (importOriginal) => {
  const actual = await importOriginal()
  return {
    ...actual,
    // your mocked methods
  }
})

 ❯ VitestMocker.createError node_modules/vitest/dist/chunks/execute.B7h3T_Hc.js:284:17
 ❯ Object.Plus [as get] node_modules/vitest/dist/chunks/execute.B7h3T_Hc.js:330:16
 ❯ ClientPortal src/pages/ClientPortal.tsx:417:22

 ❯ renderWithHooks node_modules/react-dom/cjs/react-dom.development.js:15486:18
 ❯ updateFunctionComponent node_modules/react-dom/cjs/react-dom.development.js:19617:20
 ❯ beginWork node_modules/react-dom/cjs/react-dom.development.js:21640:16
 ❯ beginWork$1 node_modules/react-dom/cjs/react-dom.development.js:27465:14
 ❯ performUnitOfWork node_modules/react-dom/cjs/react-dom.development.js:26599:12
 ❯ workLoopSync node_modules/react-dom/cjs/react-dom.development.js:26505:5
 ❯ renderRootSync node_modules/react-dom/cjs/react-dom.development.js:26473:7

This error originated in "src/__tests__/portal/ClientPortal.test.tsx" test file. It doesn't mean the error was thrown inside the file itself, but while it was running.
The latest test that might've caused the error is "logs user out". It might mean one of the following:
- The error was thrown, while Vitest was running this test.
- If the error occurred after the test had been completed, this was the last documented test before it was thrown.

⎯⎯⎯⎯⎯ Uncaught Exception ⎯⎯⎯⎯⎯
Error: [vitest] No "Plus" export is defined on the "lucide-react" mock. Did you forget to return it from "vi.mock"?
If you need to partially mock a module, you can use "importOriginal" helper inside:

vi.mock(import("lucide-react"), async (importOriginal) => {
  const actual = await importOriginal()
  return {
    ...actual,
    // your mocked methods
  }
})

 ❯ VitestMocker.createError node_modules/vitest/dist/chunks/execute.B7h3T_Hc.js:284:17
 ❯ Object.Plus [as get] node_modules/vitest/dist/chunks/execute.B7h3T_Hc.js:330:16
 ❯ ClientPortal src/pages/ClientPortal.tsx:417:22

 ❯ renderWithHooks node_modules/react-dom/cjs/react-dom.development.js:15486:18
 ❯ updateFunctionComponent node_modules/react-dom/cjs/react-dom.development.js:19617:20
 ❯ beginWork node_modules/react-dom/cjs/react-dom.development.js:21640:16
 ❯ beginWork$1 node_modules/react-dom/cjs/react-dom.development.js:27465:14
 ❯ performUnitOfWork node_modules/react-dom/cjs/react-dom.development.js:26599:12
 ❯ workLoopSync node_modules/react-dom/cjs/react-dom.development.js:26505:5
 ❯ renderRootSync node_modules/react-dom/cjs/react-dom.development.js:26473:7

This error originated in "src/__tests__/portal/ClientPortal.test.tsx" test file. It doesn't mean the error was thrown inside the file itself, but while it was running.
The latest test that might've caused the error is "opens profile edit dialog and updates profile". It might mean one of the following:
- The error was thrown, while Vitest was running this test.
- If the error occurred after the test had been completed, this was the last documented test before it was thrown.

⎯⎯⎯⎯⎯ Uncaught Exception ⎯⎯⎯⎯⎯
Error: [vitest] No "Plus" export is defined on the "lucide-react" mock. Did you forget to return it from "vi.mock"?
If you need to partially mock a module, you can use "importOriginal" helper inside:

vi.mock(import("lucide-react"), async (importOriginal) => {
  const actual = await importOriginal()
  return {
    ...actual,
    // your mocked methods
  }
})

 ❯ VitestMocker.createError node_modules/vitest/dist/chunks/execute.B7h3T_Hc.js:284:17
 ❯ Object.Plus [as get] node_modules/vitest/dist/chunks/execute.B7h3T_Hc.js:330:16
 ❯ ClientPortal src/pages/ClientPortal.tsx:417:22

 ❯ renderWithHooks node_modules/react-dom/cjs/react-dom.development.js:15486:18
 ❯ updateFunctionComponent node_modules/react-dom/cjs/react-dom.development.js:19617:20
 ❯ beginWork node_modules/react-dom/cjs/react-dom.development.js:21640:16
 ❯ beginWork$1 node_modules/react-dom/cjs/react-dom.development.js:27465:14
 ❯ performUnitOfWork node_modules/react-dom/cjs/react-dom.development.js:26599:12
 ❯ workLoopSync node_modules/react-dom/cjs/react-dom.development.js:26505:5
 ❯ renderRootSync node_modules/react-dom/cjs/react-dom.development.js:26473:7

This error originated in "src/__tests__/portal/ClientPortal.test.tsx" test file. It doesn't mean the error was thrown inside the file itself, but while it was running.
The latest test that might've caused the error is "opens cancel booking dialog and cancels booking". It might mean one of the following:
- The error was thrown, while Vitest was running this test.
- If the error occurred after the test had been completed, this was the last documented test before it was thrown.
⎯⎯⎯⎯⎯⎯⎯⎯⎯⎯⎯⎯⎯⎯⎯⎯⎯⎯⎯⎯⎯⎯⎯⎯⎯⎯⎯⎯⎯⎯


 Test Files  1 failed (1)
      Tests  4 failed (4)
     Errors  4 errors
   Start at  08:32:53
   Duration  7.40s (transform 254ms, setup 151ms, collect 1.08s, tests 4.08s, environment 945ms, prepare 219ms)

